// Jest Snapshot v1, https://goo.gl/fbAQLP

exports[`matching the snapshot 1`] = `
<form
  className="AddVideo"
  onSubmit={undefined}
>
  <h1>
    Add Video
  </h1>
  <label>
    Title
  </label>
  <input
    className="form-control"
    id="title"
    type="text"
  />
  <label>
    Description
  </label>
  <input
    className="form-control"
    id="desc"
    type="text"
  />
  <label>
    Display Date
  </label>
  <input
    className="form-control"
    id="datestart"
    type="date"
  />
  <label>
    Expiry Date
  </label>
  <input
    className="form-control"
    id="dateend"
    type="date"
  />
  <label>
    Youtube Embed Code
  </label>
  <input
    className="form-control"
    id="url"
  />
  <a
    href="#"
  >
    Delete this Video
  </a>
  <br />
  <button
    className="btn btn-primary"
    type="submit"
  >
    Add
  </button>
</form>
`;
